// Jest Snapshot v1, https://goo.gl/fbAQLP

exports[`Hello handle onChange 1`] = `
<div>
  <div>
    <div>
      Hello, 
      typescript
    </div>
    <input
      type="text"
      value="typescript"
    />
  </div>
</div>
`;
